$ g-writeup
mkdir writeup/ writeup/backups ;curl -o writeup/makefile  --silent  https://gist.githubusercontent.com/chrishwiggins/ccd26e1c07ccb20644c808c7e1aed376/raw/a7a0ebdaede5f9d19a82a2903b5e473b78cb4e60/makefile-2017-01-18c; curl -o writeup/writeup.sed  https://gist.githubusercontent.com/chrishwiggins/804c317cfde389bc16ba7b2bfa5a2126/raw/ee67df7025ae2cb15f0c8ec8c9f4c3889b9e87a8/a.rb;cd writeup
