$ repo
mkdir git/ dat/ doc/ doc/backups fig/ log/ ref/ src/ out/ aux/ lit/ www/ eml/ nul/; curl -o README.md --silent  https://gist.githubusercontent.com/chrishwiggins/e31c6d0129365d8100f20f97750f49b7/raw/7527ef00dde566c7cfe57d6bee6136482faa5330/repo-structure.md; curl -o doc/makefile  --silent  https://gist.githubusercontent.com/chrishwiggins/ccd26e1c07ccb20644c808c7e1aed376/raw/a7a0ebdaede5f9d19a82a2903b5e473b78cb4e60/makefile-2017-01-18c; curl -o doc/writeup.sed  https://gist.githubusercontent.com/chrishwiggins/804c317cfde389bc16ba7b2bfa5a2126/raw/ee67df7025ae2cb15f0c8ec8c9f4c3889b9e87a8/a.rb
